#
# There is insufficient memory for the Java Runtime Environment to continue.
# Native memory allocation (mmap) failed to map 132120576 bytes. Error detail: G1 virtual space
# Possible reasons:
#   The system is out of physical RAM or swap space
#   This process is running with CompressedOops enabled, and the Java Heap may be blocking the growth of the native heap
# Possible solutions:
#   Reduce memory load on the system
#   Increase physical memory or swap space
#   Check if swap backing store is full
#   Decrease Java heap size (-Xmx/-Xms)
#   Decrease number of Java threads
#   Decrease Java thread stack sizes (-Xss)
#   Set larger code cache with -XX:ReservedCodeCacheSize=
#   JVM is running with Unscaled Compressed Oops mode in which the Java heap is
#     placed in the first 4GB address space. The Java Heap base address is the
#     maximum limit for the native heap growth. Please use -XX:HeapBaseMinAddress
#     to set the Java Heap base and to place the Java Heap above 4GB virtual address.
# This output file may be truncated or incomplete.
#
#  Out of Memory Error (os_windows.cpp:3732), pid=21392, tid=26656
#
# JRE version:  (21.0.12.1+1) (build )
# Java VM: OpenJDK 64-Bit Server VM (21.0.12.1+1-LTS, mixed mode, sharing, tiered, compressed oops, compressed class ptrs, g1 gc, windows-amd64)
# No core dump will be written. Minidumps are not enabled by default on client versions of Windows
#

---------------  S U M M A R Y ------------

Command Line: -Dfile.encoding=UTF-8 -Dstdout.encoding=UTF-8 -Dstderr.encoding=UTF-8 --module-path=D:\eclipse\workspace\Project1\bin -XX:+ShowCodeDetailsInExceptionMessages -Djdk.module.main=Project1 Project1/project1.LibraryBooking

Host: Intel(R) Core(TM) i5-1035G1 CPU @ 1.00GHz, 8 cores, 7G,  Windows 11 , 64 bit Build 26100 (10.0.26100.9549)
Time: Sat Oct  3 14:34:51 2026 India Standard Time elapsed time: 0.045025 seconds (0d 0h 0m 0s)

---------------  T H R E A D  ---------------

Current thread (0x00000278632b74f0):  JavaThread "Unknown thread" [_thread_in_vm, id=26656, stack(0x000000d86de00000,0x000000d86df00000) (1024K)]

Stack: [0x000000d86de00000,0x000000d86df00000]
Native frames: (J=compiled Java code, j=interpreted, Vv=VM code, C=native code)
V  [jvm.dll+0x6d83e9]
V  [jvm.dll+0x8b5736]
V  [jvm.dll+0x8b7cee]
V  [jvm.dll+0x8b83d3]
V  [jvm.dll+0x284596]
V  [jvm.dll+0x6d4d05]
V  [jvm.dll+0x6c898a]
V  [jvm.dll+0x35f2f8]
V  [jvm.dll+0x366f36]
V  [jvm.dll+0x3b804e]
V  [jvm.dll+0x3b82f8]
V  [jvm.dll+0x33320c]
V  [jvm.dll+0x333d61]
V  [jvm.dll+0x87f6eb]
V  [jvm.dll+0x3c4fd1]
V  [jvm.dll+0x868905]
V  [jvm.dll+0x458071]
V  [jvm.dll+0x459c61]
C  [jli.dll+0x52dc]
C  [ucrtbase.dll+0x2cd30]
C  [KERNEL32.DLL+0x2cdf7]
C  [ntdll.dll+0x7ee4c]


---------------  P R O C E S S  ---------------

Threads class SMR info:
_java_thread_list=0x00007ff808f4b208, length=0, elements={
}

Java Threads: ( => current thread )
Total: 0

Other Threads:
  0x000002786330e2e0 WorkerThread "GC Thread#0"                     [id=19520, stack(0x000000d86df00000,0x000000d86e000000) (1024K)]
  0x0000027863320440 ConcurrentGCThread "G1 Main Marker"            [id=19364, stack(0x000000d86e000000,0x000000d86e100000) (1024K)]
  0x00000278633213c0 WorkerThread "G1 Conc#0"                       [id=27052, stack(0x000000d86e100000,0x000000d86e200000) (1024K)]

[error occurred during error reporting (printing all threads), id 0xc0000005, EXCEPTION_ACCESS_VIOLATION (0xc0000005) at pc=0x00007ff808645b97]
VM state: not at safepoint (not fully initialized)

VM Mutex/Monitor currently owned by a thread:  ([mutex/lock_event])
[0x00007ff808fbf6b0] Heap_lock - owner thread: 0x00000278632b74f0

Heap address: 0x0000000083a00000, size: 1990 MB, Compressed Oops mode: 32-bit

CDS archive(s) mapped at: [0x0000000000000000-0x0000000000000000-0x0000000000000000), size 0, SharedBaseAddress: 0x0000000800000000, ArchiveRelocationMode: 1.
Narrow klass base: 0x0000000000000000, Narrow klass shift: 0, Narrow klass range: 0x0

GC Precious Log:
 CardTable entry size: 512
 Card Set container configuration: InlinePtr #cards 5 size 8 Array Of Cards #cards 12 size 40 Howl #buckets 4 coarsen threshold 1843 Howl Bitmap #cards 512 size 80 coarsen threshold 460 Card regions per heap region 1 cards per card region 2048

Heap:
 garbage-first heap   total 0K, used 0K [0x0000000083a00000, 0x0000000100000000)
  region size 1024K, 0 young (0K), 0 survivors (0K)

[error occurred during error reporting (printing heap information), id 0xc0000005, EXCEPTION_ACCESS_VIOLATION (0xc0000005) at pc=0x00007ff808a31d49]
GC Heap History (0 events):
No events

Dll operation events (2 events):
Event: 0.017 Attempting to load shared library C:\Users\pgowt\.p2\pool\plugins\org.eclipse.justj.openjdk.hotspot.jre.full.win32.x86_64_21.0.12.v20260826-1216\jre\bin\java.dll
Event: 0.017 Loaded shared library C:\Users\pgowt\.p2\pool\plugins\org.eclipse.justj.openjdk.hotspot.jre.full.win32.x86_64_21.0.12.v20260826-1216\jre\bin\java.dll

Deoptimization events (0 events):
No events

Classes loaded (0 events):
No events

Classes unloaded (0 events):
No events

Classes redefined (0 events):
No events

Internal exceptions (0 events):
No events

ZGC Phase Switch (0 events):
No events

VM Operations (0 events):
No events

Memory protections (0 events):
No events

Nmethod flushes (0 events):
No events

Events (0 events):
No events


Dynamic libraries:
0x00007ff74d9d0000 - 0x00007ff74d9de000 	C:\Users\pgowt\.p2\pool\plugins\org.eclipse.justj.openjdk.hotspot.jre.full.win32.x86_64_21.0.12.v20260826-1216\jre\bin\javaw.exe
0x00007ff8c21e0000 - 0x00007ff8c2447000 	C:\WINDOWS\SYSTEM32\ntdll.dll
0x00007ff8c1820000 - 0x00007ff8c18eb000 	C:\WINDOWS\System32\KERNEL32.DLL
0x00007ff8bfac0000 - 0x00007ff8bfec1000 	C:\WINDOWS\System32\KERNELBASE.dll
0x00007ff8bf3e0000 - 0x00007ff8bf52c000 	C:\WINDOWS\System32\ucrtbase.dll
0x00007ff8af120000 - 0x00007ff8af13e000 	C:\Users\pgowt\.p2\pool\plugins\org.eclipse.justj.openjdk.hotspot.jre.full.win32.x86_64_21.0.12.v20260826-1216\jre\bin\VCRUNTIME140.dll
0x00007ff8aed80000 - 0x00007ff8aed98000 	C:\Users\pgowt\.p2\pool\plugins\org.eclipse.justj.openjdk.hotspot.jre.full.win32.x86_64_21.0.12.v20260826-1216\jre\bin\jli.dll
0x00007ff8bff00000 - 0x00007ff8c00d7000 	C:\WINDOWS\System32\USER32.dll
0x00007ff8bfed0000 - 0x00007ff8bfef7000 	C:\WINDOWS\System32\win32u.dll
0x00007ff8c2160000 - 0x00007ff8c218b000 	C:\WINDOWS\System32\GDI32.dll
0x00007ff8bf740000 - 0x00007ff8bf868000 	C:\WINDOWS\System32\gdi32full.dll
0x00007ff8bf540000 - 0x00007ff8bf5e3000 	C:\WINDOWS\System32\msvcp_win.dll
0x00007ff8a9010000 - 0x00007ff8a92a0000 	C:\WINDOWS\WinSxS\amd64_microsoft.windows.common-controls_6595b64144ccf1df_6.0.26100.9549_none_3e0a0396e3330090\COMCTL32.dll
0x00007ff8c1d20000 - 0x00007ff8c1dc9000 	C:\WINDOWS\System32\msvcrt.dll
0x00007ff8c0a00000 - 0x00007ff8c0a31000 	C:\WINDOWS\System32\IMM32.DLL
0x000000005e950000 - 0x000000005e95d000 	C:\Program Files (x86)\360\Total Security\safemon\SafeWrapper.dll
0x00007ff8c14e0000 - 0x00007ff8c159b000 	C:\WINDOWS\System32\ADVAPI32.dll
0x00007ff8c0a90000 - 0x00007ff8c0b38000 	C:\WINDOWS\System32\sechost.dll
0x00007ff8c1e60000 - 0x00007ff8c1f78000 	C:\WINDOWS\System32\RPCRT4.dll
0x00007ff8961d0000 - 0x00007ff8962d5000 	C:\Program Files (x86)\360\Total Security\safemon\libzdtp64.dll
0x00007ff8c00e0000 - 0x00007ff8c087c000 	C:\WINDOWS\System32\SHELL32.dll
0x00007ff8c0b40000 - 0x00007ff8c0ba6000 	C:\WINDOWS\System32\SHLWAPI.dll
0x00007ff8becb0000 - 0x00007ff8becbb000 	C:\WINDOWS\SYSTEM32\VERSION.dll
0x00007ff8aed70000 - 0x00007ff8aed7c000 	C:\Users\pgowt\.p2\pool\plugins\org.eclipse.justj.openjdk.hotspot.jre.full.win32.x86_64_21.0.12.v20260826-1216\jre\bin\vcruntime140_1.dll
0x00007ff8a3360000 - 0x00007ff8a33ed000 	C:\Users\pgowt\.p2\pool\plugins\org.eclipse.justj.openjdk.hotspot.jre.full.win32.x86_64_21.0.12.v20260826-1216\jre\bin\msvcp140.dll
0x00007ff808300000 - 0x00007ff8090a2000 	C:\Users\pgowt\.p2\pool\plugins\org.eclipse.justj.openjdk.hotspot.jre.full.win32.x86_64_21.0.12.v20260826-1216\jre\bin\server\jvm.dll
0x00007ff8c1690000 - 0x00007ff8c1711000 	C:\WINDOWS\System32\WS2_32.dll
0x00007ff8bf250000 - 0x00007ff8bf2ae000 	C:\WINDOWS\SYSTEM32\POWRPROF.dll
0x00007ff880d70000 - 0x00007ff880da7000 	C:\WINDOWS\SYSTEM32\WINMM.dll
0x00007ff8bf230000 - 0x00007ff8bf245000 	C:\WINDOWS\SYSTEM32\UMPDC.dll
0x00007ff8bdfd0000 - 0x00007ff8bdfeb000 	C:\WINDOWS\SYSTEM32\kernel.appcore.dll
0x00007ff8bbad0000 - 0x00007ff8bbada000 	C:\Users\pgowt\.p2\pool\plugins\org.eclipse.justj.openjdk.hotspot.jre.full.win32.x86_64_21.0.12.v20260826-1216\jre\bin\jimage.dll
0x00007ff8bc6a0000 - 0x00007ff8bc8ec000 	C:\WINDOWS\SYSTEM32\DBGHELP.DLL
0x00007ff8c1900000 - 0x00007ff8c1c8a000 	C:\WINDOWS\System32\combase.dll
0x00007ff8c15b0000 - 0x00007ff8c1689000 	C:\WINDOWS\System32\OLEAUT32.dll
0x00007ff89a030000 - 0x00007ff89a06b000 	C:\WINDOWS\SYSTEM32\dbgcore.DLL
0x00007ff8bfa00000 - 0x00007ff8bfaac000 	C:\WINDOWS\System32\bcryptPrimitives.dll
0x00007ff8a9640000 - 0x00007ff8a9660000 	C:\Users\pgowt\.p2\pool\plugins\org.eclipse.justj.openjdk.hotspot.jre.full.win32.x86_64_21.0.12.v20260826-1216\jre\bin\java.dll

JVMTI agents: none

dbghelp: loaded successfully - version: 4.0.5 - missing functions: none
symbol engine: initialized successfully - sym options: 0x614 - pdb path: .;C:\Users\pgowt\.p2\pool\plugins\org.eclipse.justj.openjdk.hotspot.jre.full.win32.x86_64_21.0.12.v20260826-1216\jre\bin;C:\WINDOWS\SYSTEM32;C:\WINDOWS\WinSxS\amd64_microsoft.windows.common-controls_6595b64144ccf1df_6.0.26100.9549_none_3e0a0396e3330090;C:\Program Files (x86)\360\Total Security\safemon;C:\Users\pgowt\.p2\pool\plugins\org.eclipse.justj.openjdk.hotspot.jre.full.win32.x86_64_21.0.12.v20260826-1216\jre\bin\server

VM Arguments:
jvm_args: -Dfile.encoding=UTF-8 -Dstdout.encoding=UTF-8 -Dstderr.encoding=UTF-8 --module-path=D:\eclipse\workspace\Project1\bin -XX:+ShowCodeDetailsInExceptionMessages -Djdk.module.main=Project1 
java_command: Project1/project1.LibraryBooking
java_class_path (initial): <not set>
Launcher Type: SUN_STANDARD

[Global flags]
     intx CICompilerCount                          = 4                                         {product} {ergonomic}
     uint ConcGCThreads                            = 2                                         {product} {ergonomic}
     uint G1ConcRefinementThreads                  = 8                                         {product} {ergonomic}
   size_t G1HeapRegionSize                         = 1048576                                   {product} {ergonomic}
    uintx GCDrainStackTargetSize                   = 64                                        {product} {ergonomic}
   size_t InitialHeapSize                          = 132120576                                 {product} {ergonomic}
   size_t MarkStackSize                            = 4194304                                   {product} {ergonomic}
   size_t MaxHeapSize                              = 2086666240                                {product} {ergonomic}
   size_t MinHeapDeltaBytes                        = 1048576                                   {product} {ergonomic}
   size_t MinHeapSize                              = 8388608                                   {product} {ergonomic}
    uintx NonNMethodCodeHeapSize                   = 5839372                                {pd product} {ergonomic}
    uintx NonProfiledCodeHeapSize                  = 122909434                              {pd product} {ergonomic}
    uintx ProfiledCodeHeapSize                     = 122909434                              {pd product} {ergonomic}
    uintx ReservedCodeCacheSize                    = 251658240                              {pd product} {ergonomic}
     bool SegmentedCodeCache                       = true                                      {product} {ergonomic}
     bool ShowCodeDetailsInExceptionMessages       = true                                   {manageable} {command line}
   size_t SoftMaxHeapSize                          = 2086666240                             {manageable} {ergonomic}
     bool UseCompressedOops                        = true                           {product lp64_product} {ergonomic}
     bool UseG1GC                                  = true                                      {product} {ergonomic}
     bool UseLargePagesIndividualAllocation        = false                                  {pd product} {ergonomic}

Logging:
Log output configuration:
 #0: stdout all=warning uptime,level,tags foldmultilines=false
 #1: stderr all=off uptime,level,tags foldmultilines=false

Release file:
<release file has not been read>
Environment Variables:
PATH=C:/Users/pgowt/.p2/pool/plugins/org.eclipse.justj.openjdk.hotspot.jre.full.win32.x86_64_21.0.12.v20260826-1216/jre/bin/server;C:/Users/pgowt/.p2/pool/plugins/org.eclipse.justj.openjdk.hotspot.jre.full.win32.x86_64_21.0.12.v20260826-1216/jre/bin;C:\Program Files\Common Files\Oracle\Java\javapath;C:\WINDOWS\system32;C:\WINDOWS;C:\WINDOWS\System32\Wbem;C:\WINDOWS\System32\WindowsPowerShell\v1.0\;C:\WINDOWS\System32\OpenSSH\;C:\Program Files\dotnet\;C:\Program Files\Git\cmd;C:\Program Files\nodejs\;C:\platform-tools;C:\Users\pgowt\AppData\Local\Microsoft\WindowsApps;C:\Users\pgowt\AppData\Roaming\npm;C:\Users\pgowt\AppData\Local\Programs\Microsoft VS Code\bin;C:\Users\pgowt\AppData\Local\Kingsoft\WPS Office\12.1.0.27458\clitool;C:\Users\pgowt\OneDrive\Desktop;
USERNAME=pgowt
OS=Windows_NT
PROCESSOR_IDENTIFIER=Intel64 Family 6 Model 126 Stepping 5, GenuineIntel
TMP=C:\Users\pgowt\AppData\Local\Temp
TEMP=C:\Users\pgowt\AppData\Local\Temp




Periodic native trim disabled

---------------  S Y S T E M  ---------------

OS:
 Windows 11 , 64 bit Build 26100 (10.0.26100.9549)
OS uptime: 10 days 0:20 hours
Hyper-V role detected

CPU: total 8 (initial active 8) (4 cores per cpu, 2 threads per core) family 6 model 126 stepping 5 microcode 0xcc, cx8, cmov, fxsr, ht, mmx, 3dnowpref, sse, sse2, sse3, ssse3, sse4.1, sse4.2, popcnt, lzcnt, tsc, tscinvbit, avx, avx2, aes, erms, clmul, bmi1, bmi2, adx, avx512f, avx512dq, avx512cd, avx512bw, avx512vl, sha, fma, vzeroupper, avx512_vpopcntdq, avx512_vpclmulqdq, avx512_vaes, avx512_vnni, clflush, clflushopt, avx512_vbmi2, avx512_vbmi, hv, rdtscp, rdpid, fsrm, gfni, avx512_bitalg, f16c, avx512_ifma
Processor Information for the first 8 processors :
  Max Mhz: 1190, Current Mhz: 991, Mhz Limit: 987

Memory: 4k page, system-wide physical 7958M (717M free)
TotalPageFile size 21224M (AvailPageFile size 90M)
current process WorkingSet (physical memory assigned to process): 14M, peak: 14M
current process commit charge ("private bytes"): 60M, peak: 186M

vm_info: OpenJDK 64-Bit Server VM (21.0.12.1+1-LTS) for windows-amd64 JRE (21.0.12.1+1-LTS), built on 2026-08-18T00:00:00Z by "admin" with MS VC++ 17.12 (VS2022)

END.
